To run a command as administrator (user "root"), use "sudo <command>".
See "man sudo_root" for details.

srvanwin@LAPTOP-98J85QIK:~$ ssh srv7357@oedipus.bioinformatics.rit.edu
RIT information technology resources are for the use of the RIT community only.
By using RIT information technology resources you acknowledge that you have read
and comply with RIT's Code of Conduct for Computer and Network Use and RIT's
Information Security Policy and Standards. Use of RIT information technology
resources may be monitored and unauthorized use is strictly prohibited.
srv7357@oedipus.bioinformatics.rit.edu's password:
Linux oedipus 6.12.63+deb13-amd64 #1 SMP PREEMPT_DYNAMIC Debian 6.12.63-1 (2025-12-30) x86_64

The programs included with the Debian GNU/Linux system are free software;
the exact distribution terms for each program are described in the
individual files in /usr/share/doc/*/copyright.

Debian GNU/Linux comes with ABSOLUTELY NO WARRANTY, to the extent
permitted by applicable law.
Last login: Wed Feb 11 14:31:11 2026 from 129.21.71.61
srv7357@oedipus:~$ ls
Lab2  Lab2_cl  McyE_sequence.fasta.txt  McyE_sequence_hybprobe.txt  sequence.fasta
srv7357@oedipus:~$ cd Lab2_cl
srv7357@oedipus:~/Lab2_cl$ ls
batch_seq.txt  example.txt  Lab2_cl  primer_output.txt
srv7357@oedipus:~/Lab2_cl$ conda activate primer3
(primer3) srv7357@oedipus:~/Lab2_cl$ primer3_core batch_seq.txt
>KT780869.1 Ambystoma jeffersonianum cytochrome b gene, partial cds; mitochondrial
ATTAATAACTCATTTATTGACTTACCAGCCCCCTCAAACATCTCTTATTGATGAAACTTCGGTTCTCTACTAGGGCTGTGTTTAATTACACAAATCTTAACAGGACTATTTCTAGCTATACATTATACAGCTGACACATCATCAGCATTTTCATCCGTAGCACACATCTGCCGAGACGTAAACTACGGCTGACTTATACGAAATATTCACGCAAACGGAGCTTCATTTTTTTTCATTTGTATTTTTCTTCATATCGGCCGAGGAATATACTATGGATCATACATATTTAAAGAAACATGGAATATCGGAGTTATTTTACTATTTTTAGTAATGGCAACAGCTTTTGTAGGATATGTTCTTCCGTGAGGACAAATATCATTTTGGGGGGCAACAGTTATTACAAATCTGCTTTCCGCAATCCCCTATATAGGGGATACTTTAGTTCAGTGAATTTGAGGCGGGTTTTCAGTAGATAAAGCCACCTTAACCCGATTCTTTGCCTTCCACTTTTTATTCCCATTTTTAATTGCTGGGACAAGCATCATTCATTTACTATTCCTACATGAAACAGGATCAATAACCCAACAGGAATAACCTCAAACCAAGATAAAATCTCGTTTCACCCTTACTTTTCCTACAAAGATGCTCTAGGGTTTCTATTAATGTTTGTTCTACTAATGTTTTTATCTCTTTTCTCTCCAAACCTCTTAGGGGACCCTGAAAAT
>MZ962317.1 Ambystoma tigrinum from USA cytochrome b (cytb) gene, partial cds; mitochondrial
ACTCGTTTATTGATTTACCAACCCCATCAAACATTTCCTATTGATGAAATTTTGGATCTCTATTAGGATTATGCTTAATTACACAAATCTTAACAGGGTTATTTTTAGCTATACATTATACAGCAGATACATCATCAGCATTTTCATCAGTAGCTCATATCTGTCGAGATGTAAATTATGGTTGACTTATACGTAATATTCACGCAAATGGTGCTTCATTCTTTTTTATTTGTATTTTTCTTCATATTGGCCGAGGAATATATTACGGCTCATACATATTTAAAGAAACATGAAACATTGGAGTAATTTTACTATTTCTAGTTATAGCAACAGCTTTTGTAGGGTATGTTCTTCCATGAGGACAAATATCATTTTGAGGGGCAACAGTAATTACTAATTTACTTTCAGCAATTCCTTATATAGGCGATACCCTAGTTCAATGAATCTGAGGAGGCTTTTCAGTTGACAAGGCTACTTTAACCCGATTCTTTGCCTTCCATTTCCTATTCCCATTTTTAATTGCAGGAACAAGTATTATTCATCTTCTATTCCTTCACGAAACAGGATCCAACAATCCAACAGGAATAGCCTCAAACCAAGATAAAATTTCATTCCACCCATATTTCTCTTATAAAGATGCTTTAGGTTTTCTACTAATATTTATTTTACTAATATTTCTATCTCTTTTTTCCCCAAATCTTCTAGGAGACCCTGAAAACTTTTCACCGGCAAATCCATTAATCACCCCACCACACATCAAACCAGAGTGT
>OK040169.1 Ambystoma barbouri from USA cytochrome b gene, partial cds; mitochondrial
ATTCATTTATTGATTTACCCACCCCTTCAAACATTTCTTACTGATGAAATTTTGGTTCCTTACTAGGATTATGCTTAATTACACAAATCTTAACAGGATTATTTTTAGCTATACATTATACAGCAGACACATCATCAGCATTTTCATCTGTAGCACATATCTGCCGAGATGTAAACTATGGCTGACTCATACGAAATATTCACGCAAACGGCGCCTCATTCTTTTTTATTTGTATCTTTCTTCATATTGGCCGAGGGTTATACTACGGCTCATATATATTCAAAGAAACATGAAACATCGGTGTTATCCTACTATTTTTAGTAATAGCCACGGCCTT
>MZ485477.1 Ambystoma maculatum from USA cytochrome b (cytb) gene, partial cds; mitochondrial
AAAACCCACCCAATAATAAAAATCATTAATAATTCATTTATTGATCTACCAACTCCATCAAACATCTCATATTGATGAAACTTTGGTTCTCTCTTAGGACTATGCTTAGTTACACAAATTTTAACAGGCCTATTTCTAGCTATACATTATACAGCAGATACATCATCAGCATTTTCATCTGTAGCACATATTTGCCGAGATGTAAATTACGGCTGACTTATACGAAATATTCATGCAAATGGCGCCTCATTCTTTTTCATCTGCATTTTCCTCCACATCGGCCGCGGAATATACTATGGCTCATATATGTTTAAAGAAACATGAAATATTGGAGTTATTCTCCTATTTTTAGTTATAGCAACAGCCTTTGTAGGATATGTTCTTCCATGAGGACAAATATCATTCTGAGGG
>KT780868.1 Ambystoma opacum cytochrome b gene, partial cds; mitochondrial
ACTCATTTATTGACTTACCAACCCCTTCAAATATTTCTTATTGATGAAACTTTGGCTCTTTATTAGGATTATGTCTAATTACACAAATTTTAACAGGATTATTTTTAGCCATGCACTATACAGCAGATACATCATCAGCATTTTCATCTGTAGCCCATATTTGCCGTGACGTTAACTACGGCTGACTAATACGAAACATTCACGCAAATGGCGCTTCATTCTTTTTTATTTGTATTTTCCTACATATCGGCCGCGGTATATATTATGGCTCATATATATTCAAAGAGACATGAAATATTGGAGTTATTCTACTGCTCCTAGTAATAGCAACAGCTTTTGTCGGATATGTCCTCCCATGGGGACAAATATCATTTTGAGGCGCAACAGTCATTACAAACCTACTTTCTGCAATTCCATATATAGGGGACGCCTTAGTTCAATGAATCTGAGGAGGCTTTTCAGTTGATAAAGCCACTTTAACACGATTCTTCGCCTTTCACTTCCTATTTCCATTCTTAATTGCAGGAACAAGCATTATTCATCTCCTATTTCTTCACGAAACAGGATCTAATAACCCAACCGGAATGACCTCAAATCAAGATAAAATCTCATTCCACCCGTATTTCTCTTACAAAGATGCTTTAGGGTTTCTATTAATATTTGTATTACTAATATTCCTGTCCCTTTTTTCTCCTAATCTATTAGGAGACCCTGAAAATT
PRIMER_ERROR=Input line with no '=': >KT780869.1 Ambystoma jeffersonianum cytochrome b gene, partial cds; mitochondrial; Input line with no '=': ATTAATAACTCATTTATTGACTTACCAGCCCCCTCAAACATCTCTTATTGATGAAACTTCGGTTCTCTACTAGGGCTGTGTTTAATTACACAAATCTTAACAGGACTATTTCTAGCTATACATTATACAGCTGACACATCATCAGCATTTTCATCCGTAGCACACATCTGCCGAGACGTAAACTACGGCTGACTTATACGAAATATTCACGCAAACGGAGCTTCATTTTTTTTCATTTGTATTTTTCTTCATATCGGCCGAGGAATATACTATGGATCATACATATTTAAAGAAACATGGAATATCGGAGTTATTTTACTATTTTTAGTAATGGCAACAGCTTTTGTAGGATATGTTCTTCCGTGAGGACAAATATCATTTTGGGGGGCAACAGTTATTACAAATCTGCTTTCCGCAATCCCCTATATAGGGGATACTTTAGTTCAGTGAATTTGAGGCGGGTTTTCAGTAGATAAAGCCACCTTAACCCGATTCTTTGCCTTCCACTTTTTATTCCCATTTTTAATTGCTGGGACAAGCATCATTCATTTACTATTCCTACATGAAACAGGATCAATAACCCAACAGGAATAACCTCAAACCAAGATAAAATCTCGTTTCACCCTTACTTTTCCTACAAAGATGCTCTAGGGTTTCTATTAATGTTTGTTCTACTAATGTTTTTATCTCTTTTCTCTCCAAACCTCTTAGGGGACCCTGAAAAT; Input line with no '=': >MZ962317.1 Ambystoma tigrinum from USA cytochrome b (cytb) gene, partial cds; mitochondrial; Input line with no '=': ACTCGTTTATTGATTTACCAACCCCATCAAACATTTCCTATTGATGAAATTTTGGATCTCTATTAGGATTATGCTTAATTACACAAATCTTAACAGGGTTATTTTTAGCTATACATTATACAGCAGATACATCATCAGCATTTTCATCAGTAGCTCATATCTGTCGAGATGTAAATTATGGTTGACTTATACGTAATATTCACGCAAATGGTGCTTCATTCTTTTTTATTTGTATTTTTCTTCATATTGGCCGAGGAATATATTACGGCTCATACATATTTAAAGAAACATGAAACATTGGAGTAATTTTACTATTTCTAGTTATAGCAACAGCTTTTGTAGGGTATGTTCTTCCATGAGGACAAATATCATTTTGAGGGGCAACAGTAATTACTAATTTACTTTCAGCAATTCCTTATATAGGCGATACCCTAGTTCAATGAATCTGAGGAGGCTTTTCAGTTGACAAGGCTACTTTAACCCGATTCTTTGCCTTCCATTTCCTATTCCCATTTTTAATTGCAGGAACAAGTATTATTCATCTTCTATTCCTTCACGAAACAGGATCCAACAATCCAACAGGAATAGCCTCAAACCAAGATAAAATTTCATTCCACCCATATTTCTCTTATAAAGATGCTTTAGGTTTTCTACTAATATTTATTTTACTAATATTTCTATCTCTTTTTTCCCCAAATCTTCTAGGAGACCCTGAAAACTTTTCACCGGCAAATCCATTAATCACCCCACCACACATCAAACCAGAGTGT; Input line with no '=': >OK040169.1 Ambystoma barbouri from USA cytochrome b gene, partial cds; mitochondrial; Input line with no '=': ATTCATTTATTGATTTACCCACCCCTTCAAACATTTCTTACTGATGAAATTTTGGTTCCTTACTAGGATTATGCTTAATTACACAAATCTTAACAGGATTATTTTTAGCTATACATTATACAGCAGACACATCATCAGCATTTTCATCTGTAGCACATATCTGCCGAGATGTAAACTATGGCTGACTCATACGAAATATTCACGCAAACGGCGCCTCATTCTTTTTTATTTGTATCTTTCTTCATATTGGCCGAGGGTTATACTACGGCTCATATATATTCAAAGAAACATGAAACATCGGTGTTATCCTACTATTTTTAGTAATAGCCACGGCCTT; Input line with no '=': >MZ485477.1 Ambystoma maculatum from USA cytochrome b (cytb) gene, partial cds; mitochondrial; Input line with no '=': AAAACCCACCCAATAATAAAAATCATTAATAATTCATTTATTGATCTACCAACTCCATCAAACATCTCATATTGATGAAACTTTGGTTCTCTCTTAGGACTATGCTTAGTTACACAAATTTTAACAGGCCTATTTCTAGCTATACATTATACAGCAGATACATCATCAGCATTTTCATCTGTAGCACATATTTGCCGAGATGTAAATTACGGCTGACTTATACGAAATATTCATGCAAATGGCGCCTCATTCTTTTTCATCTGCATTTTCCTCCACATCGGCCGCGGAATATACTATGGCTCATATATGTTTAAAGAAACATGAAATATTGGAGTTATTCTCCTATTTTTAGTTATAGCAACAGCCTTTGTAGGATATGTTCTTCCATGAGGACAAATATCATTCTGAGGG; Input line with no '=': >KT780868.1 Ambystoma opacum cytochrome b gene, partial cds; mitochondrial; Input line with no '=': ACTCATTTATTGACTTACCAACCCCTTCAAATATTTCTTATTGATGAAACTTTGGCTCTTTATTAGGATTATGTCTAATTACACAAATTTTAACAGGATTATTTTTAGCCATGCACTATACAGCAGATACATCATCAGCATTTTCATCTGTAGCCCATATTTGCCGTGACGTTAACTACGGCTGACTAATACGAAACATTCACGCAAATGGCGCTTCATTCTTTTTTATTTGTATTTTCCTACATATCGGCCGCGGTATATATTATGGCTCATATATATTCAAAGAGACATGAAATATTGGAGTTATTCTACTGCTCCTAGTAATAGCAACAGCTTTTGTCGGATATGTCCTCCCATGGGGACAAATATCATTTTGAGGCGCAACAGTCATTACAAACCTACTTTCTGCAATTCCATATATAGGGGACGCCTTAGTTCAATGAATCTGAGGAGGCTTTTCAGTTGATAAAGCCACTTTAACACGATTCTTCGCCTTTCACTTCCTATTTCCATTCTTAATTGCAGGAACAAGCATTATTCATCTCCTATTTCTTCACGAAACAGGATCTAATAACCCAACCGGAATGACCTCAAATCAAGATAAAATCTCATTCCACCCGTATTTCTCTTACAAAGATGCTTTAGGGTTTCTATTAATATTTGTATTACTAATATTCCTGTCCCTTTTTTCTCCTAATCTATTAGGAGACCCTGAAAATT; Final record not terminated by '='
=
primer3_core: Input line with no '=': >KT780869.1 Ambystoma jeffersonianum cytochrome b gene, partial cds; mitochondrial; Input line with no '=': ATTAATAACTCATTTATTGACTTACCAGCCCCCTCAAACATCTCTTATTGATGAAACTTCGGTTCTCTACTAGGGCTGTGTTTAATTACACAAATCTTAACAGGACTATTTCTAGCTATACATTATACAGCTGACACATCATCAGCATTTTCATCCGTAGCACACATCTGCCGAGACGTAAACTACGGCTGACTTATACGAAATATTCACGCAAACGGAGCTTCATTTTTTTTCATTTGTATTTTTCTTCATATCGGCCGAGGAATATACTATGGATCATACATATTTAAAGAAACATGGAATATCGGAGTTATTTTACTATTTTTAGTAATGGCAACAGCTTTTGTAGGATATGTTCTTCCGTGAGGACAAATATCATTTTGGGGGGCAACAGTTATTACAAATCTGCTTTCCGCAATCCCCTATATAGGGGATACTTTAGTTCAGTGAATTTGAGGCGGGTTTTCAGTAGATAAAGCCACCTTAACCCGATTCTTTGCCTTCCACTTTTTATTCCCATTTTTAATTGCTGGGACAAGCATCATTCATTTACTATTCCTACATGAAACAGGATCAATAACCCAACAGGAATAACCTCAAACCAAGATAAAATCTCGTTTCACCCTTACTTTTCCTACAAAGATGCTCTAGGGTTTCTATTAATGTTTGTTCTACTAATGTTTTTATCTCTTTTCTCTCCAAACCTCTTAGGGGACCCTGAAAAT; Input line with no '=': >MZ962317.1 Ambystoma tigrinum from USA cytochrome b (cytb) gene, partial cds; mitochondrial; Input line with no '=': ACTCGTTTATTGATTTACCAACCCCATCAAACATTTCCTATTGATGAAATTTTGGATCTCTATTAGGATTATGCTTAATTACACAAATCTTAACAGGGTTATTTTTAGCTATACATTATACAGCAGATACATCATCAGCATTTTCATCAGTAGCTCATATCTGTCGAGATGTAAATTATGGTTGACTTATACGTAATATTCACGCAAATGGTGCTTCATTCTTTTTTATTTGTATTTTTCTTCATATTGGCCGAGGAATATATTACGGCTCATACATATTTAAAGAAACATGAAACATTGGAGTAATTTTACTATTTCTAGTTATAGCAACAGCTTTTGTAGGGTATGTTCTTCCATGAGGACAAATATCATTTTGAGGGGCAACAGTAATTACTAATTTACTTTCAGCAATTCCTTATATAGGCGATACCCTAGTTCAATGAATCTGAGGAGGCTTTTCAGTTGACAAGGCTACTTTAACCCGATTCTTTGCCTTCCATTTCCTATTCCCATTTTTAATTGCAGGAACAAGTATTATTCATCTTCTATTCCTTCACGAAACAGGATCCAACAATCCAACAGGAATAGCCTCAAACCAAGATAAAATTTCATTCCACCCATATTTCTCTTATAAAGATGCTTTAGGTTTTCTACTAATATTTATTTTACTAATATTTCTATCTCTTTTTTCCCCAAATCTTCTAGGAGACCCTGAAAACTTTTCACCGGCAAATCCATTAATCACCCCACCACACATCAAACCAGAGTGT; Input line with no '=': >OK040169.1 Ambystoma barbouri from USA cytochrome b gene, partial cds; mitochondrial; Input line with no '=': ATTCATTTATTGATTTACCCACCCCTTCAAACATTTCTTACTGATGAAATTTTGGTTCCTTACTAGGATTATGCTTAATTACACAAATCTTAACAGGATTATTTTTAGCTATACATTATACAGCAGACACATCATCAGCATTTTCATCTGTAGCACATATCTGCCGAGATGTAAACTATGGCTGACTCATACGAAATATTCACGCAAACGGCGCCTCATTCTTTTTTATTTGTATCTTTCTTCATATTGGCCGAGGGTTATACTACGGCTCATATATATTCAAAGAAACATGAAACATCGGTGTTATCCTACTATTTTTAGTAATAGCCACGGCCTT; Input line with no '=': >MZ485477.1 Ambystoma maculatum from USA cytochrome b (cytb) gene, partial cds; mitochondrial; Input line with no '=': AAAACCCACCCAATAATAAAAATCATTAATAATTCATTTATTGATCTACCAACTCCATCAAACATCTCATATTGATGAAACTTTGGTTCTCTCTTAGGACTATGCTTAGTTACACAAATTTTAACAGGCCTATTTCTAGCTATACATTATACAGCAGATACATCATCAGCATTTTCATCTGTAGCACATATTTGCCGAGATGTAAATTACGGCTGACTTATACGAAATATTCATGCAAATGGCGCCTCATTCTTTTTCATCTGCATTTTCCTCCACATCGGCCGCGGAATATACTATGGCTCATATATGTTTAAAGAAACATGAAATATTGGAGTTATTCTCCTATTTTTAGTTATAGCAACAGCCTTTGTAGGATATGTTCTTCCATGAGGACAAATATCATTCTGAGGG; Input line with no '=': >KT780868.1 Ambystoma opacum cytochrome b gene, partial cds; mitochondrial; Input line with no '=': ACTCATTTATTGACTTACCAACCCCTTCAAATATTTCTTATTGATGAAACTTTGGCTCTTTATTAGGATTATGTCTAATTACACAAATTTTAACAGGATTATTTTTAGCCATGCACTATACAGCAGATACATCATCAGCATTTTCATCTGTAGCCCATATTTGCCGTGACGTTAACTACGGCTGACTAATACGAAACATTCACGCAAATGGCGCTTCATTCTTTTTTATTTGTATTTTCCTACATATCGGCCGCGGTATATATTATGGCTCATATATATTCAAAGAGACATGAAATATTGGAGTTATTCTACTGCTCCTAGTAATAGCAACAGCTTTTGTCGGATATGTCCTCCCATGGGGACAAATATCATTTTGAGGCGCAACAGTCATTACAAACCTACTTTCTGCAATTCCATATATAGGGGACGCCTTAGTTCAATGAATCTGAGGAGGCTTTTCAGTTGATAAAGCCACTTTAACACGATTCTTCGCCTTTCACTTCCTATTTCCATTCTTAATTGCAGGAACAAGCATTATTCATCTCCTATTTCTTCACGAAACAGGATCTAATAACCCAACCGGAATGACCTCAAATCAAGATAAAATCTCATTCCACCCGTATTTCTCTTACAAAGATGCTTTAGGGTTTCTATTAATATTTGTATTACTAATATTCCTGTCCCTTTTTTCTCCTAATCTATTAGGAGACCCTGAAAATT; Final record not terminated by '='
(primer3) srv7357@oedipus:~/Lab2_cl$ cp batch_seq.txt batch_seq_primer3.txt
(primer3) srv7357@oedipus:~/Lab2_cl$ ls
batch_seq_primer3.txt  batch_seq.txt  example.txt  Lab2_cl  primer_output.txt
(primer3) srv7357@oedipus:~/Lab2_cl$ awk '/^>/ {
  if (seq) {
    print "SEQUENCE_TEMPLATE=" seq
    print "PRIMER_TASK=generic"
    print "PRIMER_PICK_LEFT_PRIMER=1"
    print "PRIMER_PICK_RIGHT_PRIMER=1"
    print "PRIMER_PRODUCT_SIZE_RANGE=75-150"
    print "="
  }
  gsub(/^>/,"",$0)
  print "SEQUENCE_ID=" $0
  seq=""
  next
}
{
  seq=seq $0
}
END {
  if (seq) {
    print "SEQUENCE_TEMPLATE=" seq
    print "PRIMER_TASK=generic"
    print "PRIMER_PICK_LEFT_PRIMER=1"
    print "PRIMER_PICK_RIGHT_PRIMER=1"
    print "PRIMER_PRODUCT_SIZE_RANGE=75-150"
    print "="
  }
}' batch_seq_primer3.txt > tmp && mv tmp batch_seq_primer3.txt
(primer3) srv7357@oedipus:~/Lab2_cl$ ls
batch_seq_primer3.txt  batch_seq.txt  example.txt  Lab2_cl  primer_output.txt
(primer3) srv7357@oedipus:~/Lab2_cl$ primer3_core batch_seq_primer3.txt > primer_output.txt
(primer3) srv7357@oedipus:~/Lab2_cl$ ls
batch_seq_primer3.txt  batch_seq.txt  example.txt  Lab2_cl  primer_output.txt
(primer3) srv7357@oedipus:~/Lab2_cl$ less primer_output.txt
